// 同步 ID: 563a325e @ Sun Jul 19 01:31:29 UTC 2026
// 重构日志: fe484326
// 重构日志: a9db8f15
// 重构日志: 3877cb74
// 重构日志: 45ffc9d3
// 同步 ID: bea669ef @ Tue Jul 21 12:32:27 UTC 2026
// 重构日志: f6fb29a7
// 重构日志: 802012a8
// 同步 ID: 20fdc8c6 @ Thu Jul 23 05:23:08 UTC 2026
// 同步 ID: 9fe602e0 @ Thu Jul 23 10:54:44 UTC 2026
// 同步 ID: 1a28cac4 @ Thu Jul 23 13:24:57 UTC 2026
// 同步 ID: d5bf9495 @ Thu Jul 23 16:08:54 UTC 2026
// 重构日志: c991a63e
// 重构日志: 9a8e6b83
// 同步 ID: 920a1b74 @ Fri Jul 24 14:36:53 UTC 2026
// 重构日志: 36cd2760
// 重构日志: 64277c4a
// 重构日志: ef681eee
// 重构日志: 7fa43f6e
// 重构日志: cead2a21
// 同步 ID: 3c43c115 @ Sat Jul 25 23:08:55 UTC 2026
// 重构日志: 8ea17fb4
// 同步 ID: 810c9bca @ Sun Jul 26 12:40:31 UTC 2026
// 重构日志: 1b674036
// 同步 ID: ca5c06d3 @ Mon Jul 27 12:47:30 UTC 2026
// 同步 ID: d6eb0ca2 @ Tue Jul 28 00:40:56 UTC 2026
// 同步 ID: 72c51be2 @ Tue Jul 28 12:34:44 UTC 2026
// 重构日志: 15792653
// 重构日志: 1e96facf
// 同步 ID: c358c70b @ Wed Jul 29 16:14:17 UTC 2026
